Component: ARM Compiler 5.05 update 2 (build 169) Tool: armlink [4d0f33]

==============================================================================

Section Cross References

    main.o(i.circle) refers to main.o(i.display) for display
    main.o(i.circle) refers to main.o(.data) for circle142
    main.o(i.circle_a) refers to main.o(i.display) for display
    main.o(i.circle_a) refers to main.o(.data) for circle_a1
    main.o(i.delay_init) refers to stm32f4xx_rcc.o(i.RCC_APB1PeriphClockCmd) for RCC_APB1PeriphClockCmd
    main.o(i.delay_init) refers to stm32f4xx_tim.o(i.TIM_TimeBaseInit) for TIM_TimeBaseInit
    main.o(i.delay_ms) refers to system_stm32f4xx.o(.data) for SystemCoreClock
    main.o(i.delay_us) refers to stm32f4xx_tim.o(i.TIM_Cmd) for TIM_Cmd
    main.o(i.delay_us) refers to stm32f4xx_tim.o(i.TIM_GetFlagStatus) for TIM_GetFlagStatus
    main.o(i.delay_us) refers to stm32f4xx_tim.o(i.TIM_ClearFlag) for TIM_ClearFlag
    main.o(i.demo1) refers to main.o(i.heart) for heart
    main.o(i.demo1) refers to main.o(i.circle) for circle
    main.o(i.demo1) refers to main.o(i.delay_ms) for delay_ms
    main.o(i.demo1) refers to main.o(i.circle_a) for circle_a
    main.o(i.demo1) refers to main.o(i.word) for word
    main.o(i.demo1) refers to main.o(i.gogo) for gogo
    main.o(i.demo2) refers to main.o(i.setLayer) for setLayer
    main.o(i.demo2) refers to main.o(i.setLatch) for setLatch
    main.o(i.demo2) refers to main.o(i.setData) for setData
    main.o(i.demo2) refers to main.o(i.delay_ms) for delay_ms
    main.o(i.demo2) refers to main.o(i.gogo) for gogo
    main.o(i.display) refers to main.o(i.setLatchNum) for setLatchNum
    main.o(i.display) refers to main.o(i.setLayerNum) for setLayerNum
    main.o(i.display) refers to main.o(i.setData) for setData
    main.o(i.gogo) refers to main.o(i.display) for display
    main.o(i.gogo) refers to main.o(.data) for gogo1
    main.o(i.heart) refers to main.o(i.display) for display
    main.o(i.heart) refers to main.o(.data) for heart1
    main.o(i.init) refers to stm32f4xx_rcc.o(i.RCC_AHB1PeriphClockCmd) for RCC_AHB1PeriphClockCmd
    main.o(i.init) refers to stm32f4xx_gpio.o(i.GPIO_Init) for GPIO_Init
    main.o(i.init) refers to main.o(i.delay_init) for delay_init
    main.o(i.init) refers to main.o(i.setLatch) for setLatch
    main.o(i.init) refers to main.o(i.setLayer) for setLayer
    main.o(i.init) refers to main.o(i.setData) for setData
    main.o(i.main) refers to main.o(i.init) for init
    main.o(i.main) refers to main.o(i.delay_ms) for delay_ms
    main.o(i.main) refers to main.o(i.demo1) for demo1
    main.o(i.setData) refers to main.o(i.setPin) for setPin
    main.o(i.setData) refers to main.o(.data) for dataPin
    main.o(i.setLatch) refers to main.o(i.setPin) for setPin
    main.o(i.setLatch) refers to main.o(.data) for latchPin
    main.o(i.setLatchNum) refers to main.o(i.setLatch) for setLatch
    main.o(i.setLayer) refers to main.o(i.setPin) for setPin
    main.o(i.setLayer) refers to main.o(.data) for layerPin
    main.o(i.setLayerNum) refers to main.o(i.setLayer) for setLayer
    main.o(i.setPin) refers to stm32f4xx_gpio.o(i.GPIO_SetBits) for GPIO_SetBits
    main.o(i.setPin) refers to stm32f4xx_gpio.o(i.GPIO_ResetBits) for GPIO_ResetBits
    main.o(i.word) refers to main.o(i.display) for display
    main.o(i.word) refers to main.o(.data) for word1
    stm32f4xx_gpio.o(i.GPIO_DeInit) refers to stm32f4xx_rcc.o(i.RCC_AHB1PeriphResetCmd) for RCC_AHB1PeriphResetCmd
    stm32f4xx_rcc.o(i.RCC_GetClocksFreq) refers to stm32f4xx_rcc.o(.data) for APBAHBPrescTable
    stm32f4xx_rcc.o(i.RCC_WaitForHSEStartUp) refers to stm32f4xx_rcc.o(i.RCC_GetFlagStatus) for RCC_GetFlagStatus
    stm32f4xx_tim.o(i.TIM_DeInit) refers to stm32f4xx_rcc.o(i.RCC_APB2PeriphResetCmd) for RCC_APB2PeriphResetCmd
    stm32f4xx_tim.o(i.TIM_DeInit) refers to stm32f4xx_rcc.o(i.RCC_APB1PeriphResetCmd) for RCC_APB1PeriphResetCmd
    stm32f4xx_tim.o(i.TIM_ETRClockMode1Config) refers to stm32f4xx_tim.o(i.TIM_ETRConfig) for TIM_ETRConfig
    stm32f4xx_tim.o(i.TIM_ETRClockMode2Config) refers to stm32f4xx_tim.o(i.TIM_ETRConfig) for TIM_ETRConfig
    stm32f4xx_tim.o(i.TIM_ICInit) refers to stm32f4xx_tim.o(i.TI1_Config) for TI1_Config
    stm32f4xx_tim.o(i.TIM_ICInit) refers to stm32f4xx_tim.o(i.TIM_SetIC1Prescaler) for TIM_SetIC1Prescaler
    stm32f4xx_tim.o(i.TIM_ICInit) refers to stm32f4xx_tim.o(i.TI2_Config) for TI2_Config
    stm32f4xx_tim.o(i.TIM_ICInit) refers to stm32f4xx_tim.o(i.TIM_SetIC2Prescaler) for TIM_SetIC2Prescaler
    stm32f4xx_tim.o(i.TIM_ICInit) refers to stm32f4xx_tim.o(i.TI3_Config) for TI3_Config
    stm32f4xx_tim.o(i.TIM_ICInit) refers to stm32f4xx_tim.o(i.TIM_SetIC3Prescaler) for TIM_SetIC3Prescaler
    stm32f4xx_tim.o(i.TIM_ICInit) refers to stm32f4xx_tim.o(i.TI4_Config) for TI4_Config
    stm32f4xx_tim.o(i.TIM_ICInit) refers to stm32f4xx_tim.o(i.TIM_SetIC4Prescaler) for TIM_SetIC4Prescaler
[...]
    __rt_lib_init_lc_time_1                  0x08000243   Thumb Code     0  libinit2.o(.ARM.Collect$$libinit$$00000019)
    __rt_lib_init_preinit_1                  0x08000243   Thumb Code     0  libinit2.o(.ARM.Collect$$libinit$$00000004)
    __rt_lib_init_rand_1                     0x08000243   Thumb Code     0  libinit2.o(.ARM.Collect$$libinit$$0000000E)
    __rt_lib_init_return                     0x08000243   Thumb Code     0  libinit2.o(.ARM.Collect$$libinit$$00000033)
    __rt_lib_init_signal_1                   0x08000243   Thumb Code     0  libinit2.o(.ARM.Collect$$libinit$$0000001D)
    __rt_lib_init_stdio_1                    0x08000243   Thumb Code     0  libinit2.o(.ARM.Collect$$libinit$$00000025)
    __rt_lib_init_user_alloc_1               0x08000243   Thumb Code     0  libinit2.o(.ARM.Collect$$libinit$$0000000C)
    __rt_lib_shutdown                        0x08000245   Thumb Code     0  libshutdown.o(.ARM.Collect$$libshutdown$$00000000)
    __rt_lib_shutdown_fp_trap_1              0x08000247   Thumb Code     0  libshutdown2.o(.ARM.Collect$$libshutdown$$00000006)
    __rt_lib_shutdown_heap_1                 0x08000247   Thumb Code     0  libshutdown2.o(.ARM.Collect$$libshutdown$$0000000E)
    __rt_lib_shutdown_return                 0x08000247   Thumb Code     0  libshutdown2.o(.ARM.Collect$$libshutdown$$0000000F)
    __rt_lib_shutdown_signal_1               0x08000247   Thumb Code     0  libshutdown2.o(.ARM.Collect$$libshutdown$$00000009)
    __rt_lib_shutdown_stdio_1                0x08000247   Thumb Code     0  libshutdown2.o(.ARM.Collect$$libshutdown$$00000003)
    __rt_lib_shutdown_user_alloc_1           0x08000247   Thumb Code     0  libshutdown2.o(.ARM.Collect$$libshutdown$$0000000B)
    __rt_entry                               0x08000249   Thumb Code     0  __rtentry.o(.ARM.Collect$$rtentry$$00000000)
    __rt_entry_presh_1                       0x08000249   Thumb Code     0  __rtentry2.o(.ARM.Collect$$rtentry$$00000002)
    __rt_entry_sh                            0x08000249   Thumb Code     0  __rtentry4.o(.ARM.Collect$$rtentry$$00000004)
    __rt_entry_li                            0x0800024f   Thumb Code     0  __rtentry2.o(.ARM.Collect$$rtentry$$0000000A)
    __rt_entry_postsh_1                      0x0800024f   Thumb Code     0  __rtentry2.o(.ARM.Collect$$rtentry$$00000009)
    __rt_entry_main                          0x08000253   Thumb Code     0  __rtentry2.o(.ARM.Collect$$rtentry$$0000000D)
    __rt_entry_postli_1                      0x08000253   Thumb Code     0  __rtentry2.o(.ARM.Collect$$rtentry$$0000000C)
    __rt_exit                                0x0800025b   Thumb Code     0  rtexit.o(.ARM.Collect$$rtexit$$00000000)
    __rt_exit_ls                             0x0800025d   Thumb Code     0  rtexit2.o(.ARM.Collect$$rtexit$$00000003)
    __rt_exit_prels_1                        0x0800025d   Thumb Code     0  rtexit2.o(.ARM.Collect$$rtexit$$00000002)
    __rt_exit_exit                           0x08000261   Thumb Code     0  rtexit2.o(.ARM.Collect$$rtexit$$00000004)
    Reset_Handler                            0x08000269   Thumb Code     8  startup_stm32f40_41xxx.o(.text)
    NMI_Handler                              0x08000271   Thumb Code     2  startup_stm32f40_41xxx.o(.text)
    HardFault_Handler                        0x08000273   Thumb Code     2  startup_stm32f40_41xxx.o(.text)
    MemManage_Handler                        0x08000275   Thumb Code     2  startup_stm32f40_41xxx.o(.text)
    BusFault_Handler                         0x08000277   Thumb Code     2  startup_stm32f40_41xxx.o(.text)
    UsageFault_Handler                       0x08000279   Thumb Code     2  startup_stm32f40_41xxx.o(.text)
    SVC_Handler                              0x0800027b   Thumb Code     2  startup_stm32f40_41xxx.o(.text)
    DebugMon_Handler                         0x0800027d   Thumb Code     2  startup_stm32f40_41xxx.o(.text)
    PendSV_Handler                           0x0800027f   Thumb Code     2  startup_stm32f40_41xxx.o(.text)
    SysTick_Handler                          0x08000281   Thumb Code     2  startup_stm32f40_41xxx.o(.text)
    ADC_IRQHandler                           0x08000283   Thumb Code     0  startup_stm32f40_41xxx.o(.text)
    CAN1_RX0_IRQHandler                      0x08000283   Thumb Code     0  startup_stm32f40_41xxx.o(.text)
    CAN1_RX1_IRQHandler                      0x08000283   Thumb Code     0  startup_stm32f40_41xxx.o(.text)
    CAN1_SCE_IRQHandler                      0x08000283   Thumb Code     0  startup_stm32f40_41xxx.o(.text)
    CAN1_TX_IRQHandler                       0x08000283   Thumb Code     0  startup_stm32f40_41xxx.o(.text)
    CAN2_RX0_IRQHandler                      0x08000283   Thumb Code     0  startup_stm32f40_41xxx.o(.text)
    CAN2_RX1_IRQHandler                      0x08000283   Thumb Code     0  startup_stm32f40_41xxx.o(.text)
    CAN2_SCE_IRQHandler                      0x08000283   Thumb Code     0  startup_stm32f40_41xxx.o(.text)
    CAN2_TX_IRQHandler                       0x08000283   Thumb Code     0  startup_stm32f40_41xxx.o(.text)
    CRYP_IRQHandler                          0x08000283   Thumb Code     0  startup_stm32f40_41xxx.o(.text)
    DCMI_IRQHandler                          0x08000283   Thumb Code     0  startup_stm32f40_41xxx.o(.text)
    DMA1_Stream0_IRQHandler                  0x08000283   Thumb Code     0  startup_stm32f40_41xxx.o(.text)
    DMA1_Stream1_IRQHandler                  0x08000283   Thumb Code     0  startup_stm32f40_41xxx.o(.text)
    DMA1_Stream2_IRQHandler                  0x08000283   Thumb Code     0  startup_stm32f40_41xxx.o(.text)
    DMA1_Stream3_IRQHandler                  0x08000283   Thumb Code     0  startup_stm32f40_41xxx.o(.text)
    DMA1_Stream4_IRQHandler                  0x08000283   Thumb Code     0  startup_stm32f40_41xxx.o(.text)
    DMA1_Stream5_IRQHandler                  0x08000283   Thumb Code     0  startup_stm32f40_41xxx.o(.text)
    DMA1_Stream6_IRQHandler                  0x08000283   Thumb Code     0  startup_stm32f40_41xxx.o(.text)
    DMA1_Stream7_IRQHandler                  0x08000283   Thumb Code     0  startup_stm32f40_41xxx.o(.text)
    DMA2_Stream0_IRQHandler                  0x08000283   Thumb Code     0  startup_stm32f40_41xxx.o(.text)
    DMA2_Stream1_IRQHandler                  0x08000283   Thumb Code     0  startup_stm32f40_41xxx.o(.text)
    DMA2_Stream2_IRQHandler                  0x08000283   Thumb Code     0  startup_stm32f40_41xxx.o(.text)
    DMA2_Stream3_IRQHandler                  0x08000283   Thumb Code     0  startup_stm32f40_41xxx.o(.text)
    DMA2_Stream4_IRQHandler                  0x08000283   Thumb Code     0  startup_stm32f40_41xxx.o(.text)
    DMA2_Stream5_IRQHandler                  0x08000283   Thumb Code     0  startup_stm32f40_41xxx.o(.text)
    DMA2_Stream6_IRQHandler                  0x08000283   Thumb Code     0  startup_stm32f40_41xxx.o(.text)
    DMA2_Stream7_IRQHandler                  0x08000283   Thumb Code     0  startup_stm32f40_41xxx.o(.text)
    ETH_IRQHandler                           0x08000283   Thumb Code     0  startup_stm32f40_41xxx.o(.text)
    ETH_WKUP_IRQHandler                      0x08000283   Thumb Code     0  startup_stm32f40_41xxx.o(.text)
    EXTI0_IRQHandler                         0x08000283   Thumb Code     0  startup_stm32f40_41xxx.o(.text)
    EXTI15_10_IRQHandler                     0x08000283   Thumb Code     0  startup_stm32f40_41xxx.o(.text)
    EXTI1_IRQHandler                         0x08000283   Thumb Code     0  startup_stm32f40_41xxx.o(.text)
    EXTI2_IRQHandler                         0x08000283   Thumb Code     0  startup_stm32f40_41xxx.o(.text)
    EXTI3_IRQHandler                         0x08000283   Thumb Code     0  startup_stm32f40_41xxx.o(.text)
    EXTI4_IRQHandler                         0x08000283   Thumb Code     0  startup_stm32f40_41xxx.o(.text)
    EXTI9_5_IRQHandler                       0x08000283   Thumb Code     0  startup_stm32f40_41xxx.o(.text)
    FLASH_IRQHandler                         0x08000283   Thumb Code     0  startup_stm32f40_41xxx.o(.text)
    FPU_IRQHandler                           0x08000283   Thumb Code     0  startup_stm32f40_41xxx.o(.text)
    FSMC_IRQHandler                          0x08000283   Thumb Code     0  startup_stm32f40_41xxx.o(.text)
    HASH_RNG_IRQHandler                      0x08000283   Thumb Code     0  startup_stm32f40_41xxx.o(.text)
    I2C1_ER_IRQHandler                       0x08000283   Thumb Code     0  startup_stm32f40_41xxx.o(.text)
    I2C1_EV_IRQHandler                       0x08000283   Thumb Code     0  startup_stm32f40_41xxx.o(.text)
    I2C2_ER_IRQHandler                       0x08000283   Thumb Code     0  startup_stm32f40_41xxx.o(.text)
    I2C2_EV_IRQHandler                       0x08000283   Thumb Code     0  startup_stm32f40_41xxx.o(.text)
    I2C3_ER_IRQHandler                       0x08000283   Thumb Code     0  startup_stm32f40_41xxx.o(.text)
    I2C3_EV_IRQHandler                       0x08000283   Thumb Code     0  startup_stm32f40_41xxx.o(.text)
    OTG_FS_IRQHandler                        0x08000283   Thumb Code     0  startup_stm32f40_41xxx.o(.text)
    OTG_FS_WKUP_IRQHandler                   0x08000283   Thumb Code     0  startup_stm32f40_41xxx.o(.text)
    OTG_HS_EP1_IN_IRQHandler                 0x08000283   Thumb Code     0  startup_stm32f40_41xxx.o(.text)
    OTG_HS_EP1_OUT_IRQHandler                0x08000283   Thumb Code     0  startup_stm32f40_41xxx.o(.text)
    OTG_HS_IRQHandler                        0x08000283   Thumb Code     0  startup_stm32f40_41xxx.o(.text)
    OTG_HS_WKUP_IRQHandler                   0x08000283   Thumb Code     0  startup_stm32f40_41xxx.o(.text)
    PVD_IRQHandler                           0x08000283   Thumb Code     0  startup_stm32f40_41xxx.o(.text)
    RCC_IRQHandler                           0x08000283   Thumb Code     0  startup_stm32f40_41xxx.o(.text)
    RTC_Alarm_IRQHandler                     0x08000283   Thumb Code     0  startup_stm32f40_41xxx.o(.text)
    RTC_WKUP_IRQHandler                      0x08000283   Thumb Code     0  startup_stm32f40_41xxx.o(.text)
    SDIO_IRQHandler                          0x08000283   Thumb Code     0  startup_stm32f40_41xxx.o(.text)
    SPI1_IRQHandler                          0x08000283   Thumb Code     0  startup_stm32f40_41xxx.o(.text)
    SPI2_IRQHandler                          0x08000283   Thumb Code     0  startup_stm32f40_41xxx.o(.text)
    SPI3_IRQHandler                          0x08000283   Thumb Code     0  startup_stm32f40_41xxx.o(.text)
    TAMP_STAMP_IRQHandler                    0x08000283   Thumb Code     0  startup_stm32f40_41xxx.o(.text)
    TIM1_BRK_TIM9_IRQHandler                 0x08000283   Thumb Code     0  startup_stm32f40_41xxx.o(.text)
    TIM1_CC_IRQHandler                       0x08000283   Thumb Code     0  startup_stm32f40_41xxx.o(.text)
    TIM1_TRG_COM_TIM11_IRQHandler            0x08000283   Thumb Code     0  startup_stm32f40_41xxx.o(.text)
    TIM1_UP_TIM10_IRQHandler                 0x08000283   Thumb Code     0  startup_stm32f40_41xxx.o(.text)
    TIM2_IRQHandler                          0x08000283   Thumb Code     0  startup_stm32f40_41xxx.o(.text)
    TIM3_IRQHandler                          0x08000283   Thumb Code     0  startup_stm32f40_41xxx.o(.text)
    TIM4_IRQHandler                          0x08000283   Thumb Code     0  startup_stm32f40_41xxx.o(.text)
    TIM5_IRQHandler                          0x08000283   Thumb Code     0  startup_stm32f40_41xxx.o(.text)
    TIM6_DAC_IRQHandler                      0x08000283   Thumb Code     0  startup_stm32f40_41xxx.o(.text)
    TIM7_IRQHandler                          0x08000283   Thumb Code     0  startup_stm32f40_41xxx.o(.text)
    TIM8_BRK_TIM12_IRQHandler                0x08000283   Thumb Code     0  startup_stm32f40_41xxx.o(.text)
    TIM8_CC_IRQHandler                       0x08000283   Thumb Code     0  startup_stm32f40_41xxx.o(.text)
    TIM8_TRG_COM_TIM14_IRQHandler            0x08000283   Thumb Code     0  startup_stm32f40_41xxx.o(.text)
    TIM8_UP_TIM13_IRQHandler                 0x08000283   Thumb Code     0  startup_stm32f40_41xxx.o(.text)
    UART4_IRQHandler                         0x08000283   Thumb Code     0  startup_stm32f40_41xxx.o(.text)
    UART5_IRQHandler                         0x08000283   Thumb Code     0  startup_stm32f40_41xxx.o(.text)
    USART1_IRQHandler                        0x08000283   Thumb Code     0  startup_stm32f40_41xxx.o(.text)
    USART2_IRQHandler                        0x08000283   Thumb Code     0  startup_stm32f40_41xxx.o(.text)
    USART3_IRQHandler                        0x08000283   Thumb Code     0  startup_stm32f40_41xxx.o(.text)
    USART6_IRQHandler                        0x08000283   Thumb Code     0  startup_stm32f40_41xxx.o(.text)
    WWDG_IRQHandler                          0x08000283   Thumb Code     0  startup_stm32f40_41xxx.o(.text)
    __user_initial_stackheap                 0x08000285   Thumb Code     0  startup_stm32f40_41xxx.o(.text)
    __use_two_region_memory                  0x080002a9   Thumb Code     2  heapauxi.o(.text)
    __rt_heap_escrow$2region                 0x080002ab   Thumb Code     2  heapauxi.o(.text)
    __rt_heap_expand$2region                 0x080002ad   Thumb Code     2  heapauxi.o(.text)
    __user_setup_stackheap                   0x080002af   Thumb Code    74  sys_stackheap_outer.o(.text)
    exit                                     0x080002f9   Thumb Code    12  exit.o(.text)
    __user_libspace                          0x08000305   Thumb Code     8  libspace.o(.text)
    __user_perproc_libspace                  0x08000305   Thumb Code     0  libspace.o(.text)
    __user_perthread_libspace                0x08000305   Thumb Code     0  libspace.o(.text)
    _sys_exit                                0x0800030d   Thumb Code     8  sys_exit.o(.text)
    __I$use$semihosting                      0x08000319   Thumb Code     0  use_no_semi.o(.text)
    __use_no_semihosting_swi                 0x08000319   Thumb Code     2  use_no_semi.o(.text)
    GPIO_Init                                0x0800031b   Thumb Code   144  stm32f4xx_gpio.o(i.GPIO_Init)
    __semihosting_library_function           0x0800031b   Thumb Code     0  indicate_semi.o(.text)
    GPIO_ResetBits                           0x080003ab   Thumb Code     4  stm32f4xx_gpio.o(i.GPIO_ResetBits)
    GPIO_SetBits                             0x080003af   Thumb Code     4  stm32f4xx_gpio.o(i.GPIO_SetBits)
    RCC_AHB1PeriphClockCmd                   0x080003b5   Thumb Code    26  stm32f4xx_rcc.o(i.RCC_AHB1PeriphClockCmd)
    RCC_APB1PeriphClockCmd                   0x080003d5   Thumb Code    26  stm32f4xx_rcc.o(i.RCC_APB1PeriphClockCmd)
    SystemInit                               0x080004e1   Thumb Code    88  system_stm32f4xx.o(i.SystemInit)
    TIM_TimeBaseInit                         0x08000549   Thumb Code   104  stm32f4xx_tim.o(i.TIM_TimeBaseInit)
    circle                                   0x080005cd   Thumb Code  3244  main.o(i.circle)
    circle_a                                 0x080012ed   Thumb Code  3168  main.o(i.circle_a)
    delay_init                               0x08001f8d   Thumb Code    38  main.o(i.delay_init)
    delay_ms                                 0x08001fb9   Thumb Code   162  main.o(i.delay_ms)
    demo1                                    0x08002061   Thumb Code    48  main.o(i.demo1)
    display                                  0x08002091   Thumb Code    82  main.o(i.display)
    gogo                                     0x080020e5   Thumb Code  1682  main.o(i.gogo)
    heart                                    0x08002805   Thumb Code   124  main.o(i.heart)
    init                                     0x080028bd   Thumb Code   144  main.o(i.init)
    main                                     0x08002959   Thumb Code    16  main.o(i.main)
    setData                                  0x08002969   Thumb Code    34  main.o(i.setData)
    setLatch                                 0x08002995   Thumb Code    38  main.o(i.setLatch)
    setLatchNum                              0x080029c5   Thumb Code    24  main.o(i.setLatchNum)
    setLayer                                 0x080029dd   Thumb Code    34  main.o(i.setLayer)
    setLayerNum                              0x08002a09   Thumb Code    24  main.o(i.setLayerNum)
    setPin                                   0x08002a21   Thumb Code   140  main.o(i.setPin)
    word                                     0x08002aad   Thumb Code  2272  main.o(i.word)
    _fp_init                                 0x080034f9   Thumb Code    10  fpinit.o(x$fpl$fpinit)
    __fplib_config_fpu_vfp                   0x08003501   Thumb Code     0  fpinit.o(x$fpl$fpinit)
    __fplib_config_pureend_doubles           0x08003501   Thumb Code     0  fpinit.o(x$fpl$fpinit)
    Region$$Table$$Base                      0x08003504   Number         0  anon$$obj.o(Region$$Table)
    Region$$Table$$Limit                     0x08003524   Number         0  anon$$obj.o(Region$$Table)
    word1                                    0x20000000   Data          64  main.o(.data)
    word2                                    0x20000040   Data          64  main.o(.data)
    word3                                    0x20000080   Data          64  main.o(.data)
    word4                                    0x200000c0   Data          64  main.o(.data)
    word5                                    0x20000100   Data          64  main.o(.data)
    word6                                    0x20000140   Data          64  main.o(.data)
    word7                                    0x20000180   Data          64  main.o(.data)
    word8                                    0x200001c0   Data          64  main.o(.data)
    word9                                    0x20000200   Data          64  main.o(.data)
    word10                                   0x20000240   Data          64  main.o(.data)
    word11                                   0x20000280   Data          64  main.o(.data)
    word12                                   0x200002c0   Data          64  main.o(.data)
    word13                                   0x20000300   Data          64  main.o(.data)
    word14                                   0x20000340   Data          64  main.o(.data)
    word15                                   0x20000380   Data          64  main.o(.data)
    word16                                   0x200003c0   Data          64  main.o(.data)
    word17                                   0x20000400   Data          64  main.o(.data)
    word18                                   0x20000440   Data          64  main.o(.data)
    word19                                   0x20000480   Data          64  main.o(.data)
    word20                                   0x200004c0   Data          64  main.o(.data)
    word21                                   0x20000500   Data          64  main.o(.data)
    word22                                   0x20000540   Data          64  main.o(.data)
    word23                                   0x20000580   Data          64  main.o(.data)
    word24                                   0x200005c0   Data          64  main.o(.data)
    word25                                   0x20000600   Data          64  main.o(.data)
    word26                                   0x20000640   Data          64  main.o(.data)
    word27                                   0x20000680   Data          64  main.o(.data)
    word28                                   0x200006c0   Data          64  main.o(.data)
    word29                                   0x20000700   Data          64  main.o(.data)
    word30                                   0x20000740   Data          64  main.o(.data)
    word31                                   0x20000780   Data          64  main.o(.data)
    word32                                   0x200007c0   Data          64  main.o(.data)
    word33                                   0x20000800   Data          64  main.o(.data)
    word34                                   0x20000840   Data          64  main.o(.data)
    word35                                   0x20000880   Data          64  main.o(.data)
    word36                                   0x200008c0   Data          64  main.o(.data)
    word37                                   0x20000900   Data          64  main.o(.data)
    word38                                   0x20000940   Data          64  main.o(.data)
    word39                                   0x20000980   Data          64  main.o(.data)
    word40                                   0x200009c0   Data          64  main.o(.data)
    word41                                   0x20000a00   Data          64  main.o(.data)
    word42                                   0x20000a40   Data          64  main.o(.data)
    word43                                   0x20000a80   Data          64  main.o(.data)
    word44                                   0x20000ac0   Data          64  main.o(.data)
    word45                                   0x20000b00   Data          64  main.o(.data)
    word46                                   0x20000b40   Data          64  main.o(.data)
    word47                                   0x20000b80   Data          64  main.o(.data)
    word48                                   0x20000bc0   Data          64  main.o(.data)
    word49                                   0x20000c00   Data          64  main.o(.data)
    word50                                   0x20000c40   Data          64  main.o(.data)
    word51                                   0x20000c80   Data          64  main.o(.data)
    word52                                   0x20000cc0   Data          64  main.o(.data)
    word53                                   0x20000d00   Data          64  main.o(.data)
    word54                                   0x20000d40   Data          64  main.o(.data)
    word55                                   0x20000d80   Data          64  main.o(.data)
    word56                                   0x20000dc0   Data          64  main.o(.data)
    word57                                   0x20000e00   Data          64  main.o(.data)
    word58                                   0x20000e40   Data          64  main.o(.data)
    word59                                   0x20000e80   Data          64  main.o(.data)
    word60                                   0x20000ec0   Data          64  main.o(.data)
    word61                                   0x20000f00   Data          64  main.o(.data)
    word62                                   0x20000f40   Data          64  main.o(.data)
    word63                                   0x20000f80   Data          64  main.o(.data)
    word64                                   0x20000fc0   Data          64  main.o(.data)
    word65                                   0x20001000   Data          64  main.o(.data)
    word66                                   0x20001040   Data          64  main.o(.data)
    word67                                   0x20001080   Data          64  main.o(.data)
    word68                                   0x200010c0   Data          64  main.o(.data)
    word69                                   0x20001100   Data          64  main.o(.data)
    word70                                   0x20001140   Data          64  main.o(.data)
    word71                                   0x20001180   Data          64  main.o(.data)
    word72                                   0x200011c0   Data          64  main.o(.data)
    word73                                   0x20001200   Data          64  main.o(.data)
    word74                                   0x20001240   Data          64  main.o(.data)
    word75                                   0x20001280   Data          64  main.o(.data)
    word76                                   0x200012c0   Data          64  main.o(.data)
    word77                                   0x20001300   Data          64  main.o(.data)
    word78                                   0x20001340   Data          64  main.o(.data)
    word79                                   0x20001380   Data          64  main.o(.data)
    word80                                   0x200013c0   Data          64  main.o(.data)
    word81                                   0x20001400   Data          64  main.o(.data)
    word82                                   0x20001440   Data          64  main.o(.data)
    word83                                   0x20001480   Data          64  main.o(.data)
    word84                                   0x200014c0   Data          64  main.o(.data)
    word85                                   0x20001500   Data          64  main.o(.data)
    word86                                   0x20001540   Data          64  main.o(.data)
    word87                                   0x20001580   Data          64  main.o(.data)
    word88                                   0x200015c0   Data          64  main.o(.data)
    word89                                   0x20001600   Data          64  main.o(.data)
    word90                                   0x20001640   Data          64  main.o(.data)
    word91                                   0x20001680   Data          64  main.o(.data)
    word92                                   0x200016c0   Data          64  main.o(.data)
    word93                                   0x20001700   Data          64  main.o(.data)
    word94                                   0x20001740   Data          64  main.o(.data)
    word95                                   0x20001780   Data          64  main.o(.data)
    word96                                   0x200017c0   Data          64  main.o(.data)
    word97                                   0x20001800   Data          64  main.o(.data)
    word98                                   0x20001840   Data          64  main.o(.data)
    word99                                   0x20001880   Data          64  main.o(.data)
    word100                                  0x200018c0   Data          64  main.o(.data)
    word101                                  0x20001900   Data          64  main.o(.data)
    word102                                  0x20001940   Data          64  main.o(.data)
    word103                                  0x20001980   Data          64  main.o(.data)
    word104                                  0x200019c0   Data          64  main.o(.data)
    word105                                  0x20001a00   Data          64  main.o(.data)
    word106                                  0x20001a40   Data          64  main.o(.data)
    word107                                  0x20001a80   Data          64  main.o(.data)
    word108                                  0x20001ac0   Data          64  main.o(.data)
    word109                                  0x20001b00   Data          64  main.o(.data)
    word110                                  0x20001b40   Data          64  main.o(.data)
    word111                                  0x20001b80   Data          64  main.o(.data)
    word112                                  0x20001bc0   Data          64  main.o(.data)
    word113                                  0x20001c00   Data          64  main.o(.data)
    word114                                  0x20001c40   Data          64  main.o(.data)
    word115                                  0x20001c80   Data          64  main.o(.data)
    word116                                  0x20001cc0   Data          64  main.o(.data)
    word117                                  0x20001d00   Data          64  main.o(.data)
    word118                                  0x20001d40   Data          64  main.o(.data)
    word119                                  0x20001d80   Data          64  main.o(.data)
    word120                                  0x20001dc0   Data          64  main.o(.data)
    word121                                  0x20001e00   Data          64  main.o(.data)
    word122                                  0x20001e40   Data          64  main.o(.data)
    word123                                  0x20001e80   Data          64  main.o(.data)
    word124                                  0x20001ec0   Data          64  main.o(.data)
    word125                                  0x20001f00   Data          64  main.o(.data)
    word126                                  0x20001f40   Data          64  main.o(.data)
    word127                                  0x20001f80   Data          64  main.o(.data)
    word128                                  0x20001fc0   Data          64  main.o(.data)
    word129                                  0x20002000   Data          64  main.o(.data)
    word130                                  0x20002040   Data          64  main.o(.data)
    word131                                  0x20002080   Data          64  main.o(.data)
    word132                                  0x200020c0   Data          64  main.o(.data)
    word133                                  0x20002100   Data          64  main.o(.data)
    word134                                  0x20002140   Data          64  main.o(.data)
    word135                                  0x20002180   Data          64  main.o(.data)
    word136                                  0x200021c0   Data          64  main.o(.data)
    word137                                  0x20002200   Data          64  main.o(.data)
    word138                                  0x20002240   Data          64  main.o(.data)
    word139                                  0x20002280   Data          64  main.o(.data)
    word140                                  0x200022c0   Data          64  main.o(.data)
    word141                                  0x20002300   Data          64  main.o(.data)
    word142                                  0x20002340   Data          64  main.o(.data)
    word143                                  0x20002380   Data          64  main.o(.data)
    word144                                  0x200023c0   Data          64  main.o(.data)
    word145                                  0x20002400   Data          64  main.o(.data)
    word146                                  0x20002440   Data          64  main.o(.data)
    word147                                  0x20002480   Data          64  main.o(.data)
    word148                                  0x200024c0   Data          64  main.o(.data)
    word149                                  0x20002500   Data          64  main.o(.data)
    word150                                  0x20002540   Data          64  main.o(.data)
    word151                                  0x20002580   Data          64  main.o(.data)
    word152                                  0x200025c0   Data          64  main.o(.data)
    word153                                  0x20002600   Data          64  main.o(.data)
    word154                                  0x20002640   Data          64  main.o(.data)
    word155                                  0x20002680   Data          64  main.o(.data)
    word156                                  0x200026c0   Data          64  main.o(.data)
    word157                                  0x20002700   Data          64  main.o(.data)
    word158                                  0x20002740   Data          64  main.o(.data)
    word159                                  0x20002780   Data          64  main.o(.data)
    word160                                  0x200027c0   Data          64  main.o(.data)
    word161                                  0x20002800   Data          64  main.o(.data)
    word162                                  0x20002840   Data          64  main.o(.data)
    word163                                  0x20002880   Data          64  main.o(.data)
    word164                                  0x200028c0   Data          64  main.o(.data)
    word165                                  0x20002900   Data          64  main.o(.data)
    word166                                  0x20002940   Data          64  main.o(.data)
    word167                                  0x20002980   Data          64  main.o(.data)
    word168                                  0x200029c0   Data          64  main.o(.data)
    word169                                  0x20002a00   Data          64  main.o(.data)
    word170                                  0x20002a40   Data          64  main.o(.data)
    word171                                  0x20002a80   Data          64  main.o(.data)
    word172                                  0x20002ac0   Data          64  main.o(.data)
    word173                                  0x20002b00   Data          64  main.o(.data)
    word174                                  0x20002b40   Data          64  main.o(.data)
    word175                                  0x20002b80   Data          64  main.o(.data)
    word176                                  0x20002bc0   Data          64  main.o(.data)
    word177                                  0x20002c00   Data          64  main.o(.data)
    word178                                  0x20002c40   Data          64  main.o(.data)
    word179                                  0x20002c80   Data          64  main.o(.data)
    word180                                  0x20002cc0   Data          64  main.o(.data)
    word181                                  0x20002d00   Data          64  main.o(.data)
    word182                                  0x20002d40   Data          64  main.o(.data)
    word183                                  0x20002d80   Data          64  main.o(.data)
    word184                                  0x20002dc0   Data          64  main.o(.data)
    word185                                  0x20002e00   Data          64  main.o(.data)
    word186                                  0x20002e40   Data          64  main.o(.data)
    word187                                  0x20002e80   Data          64  main.o(.data)
    word188                                  0x20002ec0   Data          64  main.o(.data)
    word189                                  0x20002f00   Data          64  main.o(.data)
    word190                                  0x20002f40   Data          64  main.o(.data)
    word191                                  0x20002f80   Data          64  main.o(.data)
    word192                                  0x20002fc0   Data          64  main.o(.data)
    word193                                  0x20003000   Data          64  main.o(.data)
    word194                                  0x20003040   Data          64  main.o(.data)
    word195                                  0x20003080   Data          64  main.o(.data)
    word196                                  0x200030c0   Data          64  main.o(.data)
    word197                                  0x20003100   Data          64  main.o(.data)
    word198                                  0x20003140   Data          64  main.o(.data)
    word199                                  0x20003180   Data          64  main.o(.data)
    word200                                  0x200031c0   Data          64  main.o(.data)
    word201                                  0x20003200   Data          64  main.o(.data)
    word202                                  0x20003240   Data          64  main.o(.data)
    word203                                  0x20003280   Data          64  main.o(.data)
    word204                                  0x200032c0   Data          64  main.o(.data)
    word205                                  0x20003300   Data          64  main.o(.data)
    word206                                  0x20003340   Data          64  main.o(.data)
    word207                                  0x20003380   Data          64  main.o(.data)
    word208                                  0x200033c0   Data          64  main.o(.data)
    word209                                  0x20003400   Data          64  main.o(.data)
    word210                                  0x20003440   Data          64  main.o(.data)
    word211                                  0x20003480   Data          64  main.o(.data)
    word212                                  0x200034c0   Data          64  main.o(.data)
    word213                                  0x20003500   Data          64  main.o(.data)
    word214                                  0x20003540   Data          64  main.o(.data)
    word215                                  0x20003580   Data          64  main.o(.data)
    word216                                  0x200035c0   Data          64  main.o(.data)
    word217                                  0x20003600   Data          64  main.o(.data)
    word218                                  0x20003640   Data          64  main.o(.data)
    word219                                  0x20003680   Data          64  main.o(.data)
    heart1                                   0x200036c0   Data          64  main.o(.data)
    heart2                                   0x20003700   Data          64  main.o(.data)
    heart3                                   0x20003740   Data          64  main.o(.data)
    heart4                                   0x20003780   Data          64  main.o(.data)
    heart5                                   0x200037c0   Data          64  main.o(.data)
    heart6                                   0x20003800   Data          64  main.o(.data)
    heart7                                   0x20003840   Data          64  main.o(.data)
    heart8                                   0x20003880   Data          64  main.o(.data)
    heart9                                   0x200038c0   Data          64  main.o(.data)
    heart10                                  0x20003900   Data          64  main.o(.data)
    heart11                                  0x20003940   Data          64  main.o(.data)
    heart12                                  0x20003980   Data          64  main.o(.data)
    heart13                                  0x200039c0   Data          64  main.o(.data)
    heart14                                  0x20003a00   Data          64  main.o(.data)
    heart15                                  0x20003a40   Data          64  main.o(.data)
    circle1                                  0x20003a80   Data          64  main.o(.data)
    circle2                                  0x20003ac0   Data          64  main.o(.data)
    circle3                                  0x20003b00   Data          64  main.o(.data)
    circle4                                  0x20003b40   Data          64  main.o(.data)
    circle5                                  0x20003b80   Data          64  main.o(.data)
    circle6                                  0x20003bc0   Data          64  main.o(.data)
    circle7                                  0x20003c00   Data          64  main.o(.data)
    circle8                                  0x20003c40   Data          64  main.o(.data)
    circle9                                  0x20003c80   Data          64  main.o(.data)
    circle10                                 0x20003cc0   Data          64  main.o(.data)
    circle11                                 0x20003d00   Data          64  main.o(.data)
    circle12                                 0x20003d40   Data          64  main.o(.data)
    circle13                                 0x20003d80   Data          64  main.o(.data)
    circle14                                 0x20003dc0   Data          64  main.o(.data)
    circle15                                 0x20003e00   Data          64  main.o(.data)
    circle16                                 0x20003e40   Data          64  main.o(.data)
    circle17                                 0x20003e80   Data          64  main.o(.data)
    circle18                                 0x20003ec0   Data          64  main.o(.data)
    circle19                                 0x20003f00   Data          64  main.o(.data)
    circle20                                 0x20003f40   Data          64  main.o(.data)
    circle21                                 0x20003f80   Data          64  main.o(.data)
    circle22                                 0x20003fc0   Data          64  main.o(.data)
    circle23                                 0x20004000   Data          64  main.o(.data)
    circle24                                 0x20004040   Data          64  main.o(.data)
    circle25                                 0x20004080   Data          64  main.o(.data)
    circle26                                 0x200040c0   Data          64  main.o(.data)
    circle27                                 0x20004100   Data          64  main.o(.data)
    circle28                                 0x20004140   Data          64  main.o(.data)
    circle29                                 0x20004180   Data          64  main.o(.data)
    circle30                                 0x200041c0   Data          64  main.o(.data)
    circle31                                 0x20004200   Data          64  main.o(.data)
    circle32                                 0x20004240   Data          64  main.o(.data)
    circle33                                 0x20004280   Data          64  main.o(.data)
    circle34                                 0x200042c0   Data          64  main.o(.data)
    circle35                                 0x20004300   Data          64  main.o(.data)
    circle36                                 0x20004340   Data          64  main.o(.data)
    circle37                                 0x20004380   Data          64  main.o(.data)
    circle38                                 0x200043c0   Data          64  main.o(.data)
    circle39                                 0x20004400   Data          64  main.o(.data)
    circle40                                 0x20004440   Data          64  main.o(.data)
    circle41                                 0x20004480   Data          64  main.o(.data)
    circle42                                 0x200044c0   Data          64  main.o(.data)
    circle43                                 0x20004500   Data          64  main.o(.data)
    circle44                                 0x20004540   Data          64  main.o(.data)
    circle45                                 0x20004580   Data          64  main.o(.data)
    circle46                                 0x200045c0   Data          64  main.o(.data)
    circle47                                 0x20004600   Data          64  main.o(.data)
    circle48                                 0x20004640   Data          64  main.o(.data)
    circle49                                 0x20004680   Data          64  main.o(.data)
    circle50                                 0x200046c0   Data          64  main.o(.data)
    circle51                                 0x20004700   Data          64  main.o(.data)
    circle52                                 0x20004740   Data          64  main.o(.data)
    circle53                                 0x20004780   Data          64  main.o(.data)
    circle54                                 0x200047c0   Data          64  main.o(.data)
    circle55                                 0x20004800   Data          64  main.o(.data)
    circle56                                 0x20004840   Data          64  main.o(.data)
    circle57                                 0x20004880   Data          64  main.o(.data)
    circle58                                 0x200048c0   Data          64  main.o(.data)
    circle59                                 0x20004900   Data          64  main.o(.data)
    circle60                                 0x20004940   Data          64  main.o(.data)
    circle61                                 0x20004980   Data          64  main.o(.data)
    circle62                                 0x200049c0   Data          64  main.o(.data)
    circle63                                 0x20004a00   Data          64  main.o(.data)
    circle64                                 0x20004a40   Data          64  main.o(.data)
    circle65                                 0x20004a80   Data          64  main.o(.data)
    circle66                                 0x20004ac0   Data          64  main.o(.data)
    circle67                                 0x20004b00   Data          64  main.o(.data)
    circle68                                 0x20004b40   Data          64  main.o(.data)
    circle69                                 0x20004b80   Data          64  main.o(.data)
    circle70                                 0x20004bc0   Data          64  main.o(.data)
    circle71                                 0x20004c00   Data          64  main.o(.data)
    circle72                                 0x20004c40   Data          64  main.o(.data)
    circle73                                 0x20004c80   Data          64  main.o(.data)
    circle74                                 0x20004cc0   Data          64  main.o(.data)
    circle75                                 0x20004d00   Data          64  main.o(.data)
    circle76                                 0x20004d40   Data          64  main.o(.data)
    circle77                                 0x20004d80   Data          64  main.o(.data)
    circle78                                 0x20004dc0   Data          64  main.o(.data)
    circle79                                 0x20004e00   Data          64  main.o(.data)
    circle80                                 0x20004e40   Data          64  main.o(.data)
    circle81                                 0x20004e80   Data          64  main.o(.data)
    circle82                                 0x20004ec0   Data          64  main.o(.data)
    circle83                                 0x20004f00   Data          64  main.o(.data)
    circle84                                 0x20004f40   Data          64  main.o(.data)
    circle85                                 0x20004f80   Data          64  main.o(.data)
    circle86                                 0x20004fc0   Data          64  main.o(.data)
    circle87                                 0x20005000   Data          64  main.o(.data)
    circle88                                 0x20005040   Data          64  main.o(.data)
    circle89                                 0x20005080   Data          64  main.o(.data)
    circle90                                 0x200050c0   Data          64  main.o(.data)
    circle91                                 0x20005100   Data          64  main.o(.data)
    circle92                                 0x20005140   Data          64  main.o(.data)
    circle93                                 0x20005180   Data          64  main.o(.data)
    circle94                                 0x200051c0   Data          64  main.o(.data)
    circle95                                 0x20005200   Data          64  main.o(.data)
    circle96                                 0x20005240   Data          64  main.o(.data)
    circle97                                 0x20005280   Data          64  main.o(.data)
    circle98                                 0x200052c0   Data          64  main.o(.data)
    circle99                                 0x20005300   Data          64  main.o(.data)
    circle100                                0x20005340   Data          64  main.o(.data)
    circle101                                0x20005380   Data          64  main.o(.data)
    circle102                                0x200053c0   Data          64  main.o(.data)
    circle103                                0x20005400   Data          64  main.o(.data)
    circle104                                0x20005440   Data          64  main.o(.data)
    circle105                                0x20005480   Data          64  main.o(.data)
    circle106                                0x200054c0   Data          64  main.o(.data)
    circle107                                0x20005500   Data          64  main.o(.data)
    circle108                                0x20005540   Data          64  main.o(.data)
    circle109                                0x20005580   Data          64  main.o(.data)
    circle110                                0x200055c0   Data          64  main.o(.data)
    circle111                                0x20005600   Data          64  main.o(.data)
    circle112                                0x20005640   Data          64  main.o(.data)
    circle113                                0x20005680   Data          64  main.o(.data)
    circle114                                0x200056c0   Data          64  main.o(.data)
    circle115                                0x20005700   Data          64  main.o(.data)
    circle116                                0x20005740   Data          64  main.o(.data)
    circle117                                0x20005780   Data          64  main.o(.data)
    circle118                                0x200057c0   Data          64  main.o(.data)
    circle119                                0x20005800   Data          64  main.o(.data)
    circle120                                0x20005840   Data          64  main.o(.data)
    circle121                                0x20005880   Data          64  main.o(.data)
    circle122                                0x200058c0   Data          64  main.o(.data)
    circle123                                0x20005900   Data          64  main.o(.data)
    circle124                                0x20005940   Data          64  main.o(.data)
    circle125                                0x20005980   Data          64  main.o(.data)
    circle126                                0x200059c0   Data          64  main.o(.data)
    circle127                                0x20005a00   Data          64  main.o(.data)
    circle128                                0x20005a40   Data          64  main.o(.data)
    circle129                                0x20005a80   Data          64  main.o(.data)
    circle130                                0x20005ac0   Data          64  main.o(.data)
    circle131                                0x20005b00   Data          64  main.o(.data)
    circle132                                0x20005b40   Data          64  main.o(.data)
    circle133                                0x20005b80   Data          64  main.o(.data)
    circle134                                0x20005bc0   Data          64  main.o(.data)
    circle135                                0x20005c00   Data          64  main.o(.data)
    circle136                                0x20005c40   Data          64  main.o(.data)
    circle137                                0x20005c80   Data          64  main.o(.data)
    circle138                                0x20005cc0   Data          64  main.o(.data)
    circle139                                0x20005d00   Data          64  main.o(.data)
    circle140                                0x20005d40   Data          64  main.o(.data)
    circle141                                0x20005d80   Data          64  main.o(.data)
    circle142                                0x20005dc0   Data          64  main.o(.data)
    circle_a1                                0x20005e00   Data          64  main.o(.data)
    circle_a2                                0x20005e40   Data          64  main.o(.data)
    circle_a3                                0x20005e80   Data          64  main.o(.data)
    circle_a4                                0x20005ec0   Data          64  main.o(.data)
    circle_a5                                0x20005f00   Data          64  main.o(.data)
    circle_a6                                0x20005f40   Data          64  main.o(.data)
    circle_a7                                0x20005f80   Data          64  main.o(.data)
    circle_a8                                0x20005fc0   Data          64  main.o(.data)
    circle_a9                                0x20006000   Data          64  main.o(.data)
    circle_a10                               0x20006040   Data          64  main.o(.data)
    circle_a11                               0x20006080   Data          64  main.o(.data)
    circle_a12                               0x200060c0   Data          64  main.o(.data)
    circle_a13                               0x20006100   Data          64  main.o(.data)
    circle_a14                               0x20006140   Data          64  main.o(.data)
    circle_a15                               0x20006180   Data          64  main.o(.data)
    circle_a16                               0x200061c0   Data          64  main.o(.data)
    circle_a17                               0x20006200   Data          64  main.o(.data)
    circle_a18                               0x20006240   Data          64  main.o(.data)
    circle_a19                               0x20006280   Data          64  main.o(.data)
    circle_a20                               0x200062c0   Data          64  main.o(.data)
    circle_a21                               0x20006300   Data          64  main.o(.data)
    circle_a22                               0x20006340   Data          64  main.o(.data)
    circle_a23                               0x20006380   Data          64  main.o(.data)
    circle_a24                               0x200063c0   Data          64  main.o(.data)
    circle_a25                               0x20006400   Data          64  main.o(.data)
    circle_a26                               0x20006440   Data          64  main.o(.data)
    circle_a27                               0x20006480   Data          64  main.o(.data)
    circle_a28                               0x200064c0   Data          64  main.o(.data)
    circle_a29                               0x20006500   Data          64  main.o(.data)
    circle_a30                               0x20006540   Data          64  main.o(.data)
    circle_a31                               0x20006580   Data          64  main.o(.data)
    circle_a32                               0x200065c0   Data          64  main.o(.data)
    circle_a33                               0x20006600   Data          64  main.o(.data)
    circle_a34                               0x20006640   Data          64  main.o(.data)
    circle_a35                               0x20006680   Data          64  main.o(.data)
    circle_a36                               0x200066c0   Data          64  main.o(.data)
    circle_a37                               0x20006700   Data          64  main.o(.data)
    circle_a38                               0x20006740   Data          64  main.o(.data)
    circle_a39                               0x20006780   Data          64  main.o(.data)
    circle_a40                               0x200067c0   Data          64  main.o(.data)
    circle_a41                               0x20006800   Data          64  main.o(.data)
    circle_a42                               0x20006840   Data          64  main.o(.data)
    circle_a43                               0x20006880   Data          64  main.o(.data)
    circle_a44                               0x200068c0   Data          64  main.o(.data)
    circle_a45                               0x20006900   Data          64  main.o(.data)
    circle_a46                               0x20006940   Data          64  main.o(.data)
    circle_a47                               0x20006980   Data          64  main.o(.data)
    circle_a48                               0x200069c0   Data          64  main.o(.data)
    circle_a49                               0x20006a00   Data          64  main.o(.data)
    circle_a50                               0x20006a40   Data          64  main.o(.data)
    circle_a51                               0x20006a80   Data          64  main.o(.data)
    circle_a52                               0x20006ac0   Data          64  main.o(.data)
    circle_a53                               0x20006b00   Data          64  main.o(.data)
    circle_a54                               0x20006b40   Data          64  main.o(.data)
    circle_a55                               0x20006b80   Data          64  main.o(.data)
    circle_a56                               0x20006bc0   Data          64  main.o(.data)
    circle_a57                               0x20006c00   Data          64  main.o(.data)
    circle_a58                               0x20006c40   Data          64  main.o(.data)
    circle_a59                               0x20006c80   Data          64  main.o(.data)
    circle_a60                               0x20006cc0   Data          64  main.o(.data)
    circle_a61                               0x20006d00   Data          64  main.o(.data)
    circle_a62                               0x20006d40   Data          64  main.o(.data)
    circle_a63                               0x20006d80   Data          64  main.o(.data)
    circle_a64                               0x20006dc0   Data          64  main.o(.data)
    circle_a65                               0x20006e00   Data          64  main.o(.data)
    circle_a66                               0x20006e40   Data          64  main.o(.data)
    circle_a67                               0x20006e80   Data          64  main.o(.data)
    circle_a68                               0x20006ec0   Data          64  main.o(.data)
    circle_a69                               0x20006f00   Data          64  main.o(.data)
    circle_a70                               0x20006f40   Data          64  main.o(.data)
    circle_a71                               0x20006f80   Data          64  main.o(.data)
    circle_a72                               0x20006fc0   Data          64  main.o(.data)
    circle_a73                               0x20007000   Data          64  main.o(.data)
    circle_a74                               0x20007040   Data          64  main.o(.data)
    circle_a75                               0x20007080   Data          64  main.o(.data)
    circle_a76                               0x200070c0   Data          64  main.o(.data)
    circle_a77                               0x20007100   Data          64  main.o(.data)
    circle_a78                               0x20007140   Data          64  main.o(.data)
    circle_a79                               0x20007180   Data          64  main.o(.data)
    circle_a80                               0x200071c0   Data          64  main.o(.data)
    circle_a81                               0x20007200   Data          64  main.o(.data)
    circle_a82                               0x20007240   Data          64  main.o(.data)
    circle_a83                               0x20007280   Data          64  main.o(.data)
    circle_a84                               0x200072c0   Data          64  main.o(.data)
    circle_a85                               0x20007300   Data          64  main.o(.data)
    circle_a86                               0x20007340   Data          64  main.o(.data)
    circle_a87                               0x20007380   Data          64  main.o(.data)
    circle_a88                               0x200073c0   Data          64  main.o(.data)
    circle_a89                               0x20007400   Data          64  main.o(.data)
    circle_a90                               0x20007440   Data          64  main.o(.data)
    circle_a91                               0x20007480   Data          64  main.o(.data)
    circle_a92                               0x200074c0   Data          64  main.o(.data)
    circle_a93                               0x20007500   Data          64  main.o(.data)
    circle_a94                               0x20007540   Data          64  main.o(.data)
    circle_a95                               0x20007580   Data          64  main.o(.data)
    circle_a96                               0x200075c0   Data          64  main.o(.data)
    circle_a97                               0x20007600   Data          64  main.o(.data)
    circle_a98                               0x20007640   Data          64  main.o(.data)
    circle_a99                               0x20007680   Data          64  main.o(.data)
    circle_a100                              0x200076c0   Data          64  main.o(.data)
    circle_a101                              0x20007700   Data          64  main.o(.data)
    circle_a102                              0x20007740   Data          64  main.o(.data)
    circle_a103                              0x20007780   Data          64  main.o(.data)
    circle_a104                              0x200077c0   Data          64  main.o(.data)
    circle_a105                              0x20007800   Data          64  main.o(.data)
    circle_a106                              0x20007840   Data          64  main.o(.data)
    circle_a107                              0x20007880   Data          64  main.o(.data)
    circle_a108                              0x200078c0   Data          64  main.o(.data)
    circle_a109                              0x20007900   Data          64  main.o(.data)
    circle_a110                              0x20007940   Data          64  main.o(.data)
    circle_a111                              0x20007980   Data          64  main.o(.data)
    circle_a112                              0x200079c0   Data          64  main.o(.data)
    circle_a113                              0x20007a00   Data          64  main.o(.data)
    circle_a114                              0x20007a40   Data          64  main.o(.data)
    circle_a115                              0x20007a80   Data          64  main.o(.data)
    circle_a116                              0x20007ac0   Data          64  main.o(.data)
    circle_a117                              0x20007b00   Data          64  main.o(.data)
    circle_a118                              0x20007b40   Data          64  main.o(.data)
    circle_a119                              0x20007b80   Data          64  main.o(.data)
    circle_a120                              0x20007bc0   Data          64  main.o(.data)
    circle_a121                              0x20007c00   Data          64  main.o(.data)
    circle_a122                              0x20007c40   Data          64  main.o(.data)
    circle_a123                              0x20007c80   Data          64  main.o(.data)
    circle_a124                              0x20007cc0   Data          64  main.o(.data)
    circle_a125                              0x20007d00   Data          64  main.o(.data)
    circle_a126                              0x20007d40   Data          64  main.o(.data)
    circle_a127                              0x20007d80   Data          64  main.o(.data)
    circle_a128                              0x20007dc0   Data          64  main.o(.data)
    circle_a129                              0x20007e00   Data          64  main.o(.data)
    circle_a130                              0x20007e40   Data          64  main.o(.data)
    circle_a131                              0x20007e80   Data          64  main.o(.data)
    circle_a132                              0x20007ec0   Data          64  main.o(.data)
    circle_a133                              0x20007f00   Data          64  main.o(.data)
    circle_a134                              0x20007f40   Data          64  main.o(.data)
    circle_a135                              0x20007f80   Data          64  main.o(.data)
    circle_a136                              0x20007fc0   Data          64  main.o(.data)
    gogo1                                    0x20008000   Data          64  main.o(.data)
    gogo2                                    0x20008040   Data          64  main.o(.data)
    gogo3                                    0x20008080   Data          64  main.o(.data)
    gogo4                                    0x200080c0   Data          64  main.o(.data)
    gogo5                                    0x20008100   Data          64  main.o(.data)
    gogo6                                    0x20008140   Data          64  main.o(.data)
    gogo7                                    0x20008180   Data          64  main.o(.data)
    gogo8                                    0x200081c0   Data          64  main.o(.data)
    gogo9                                    0x20008200   Data          64  main.o(.data)
    gogo10                                   0x20008240   Data          64  main.o(.data)
    gogo11                                   0x20008280   Data          64  main.o(.data)
    gogo12                                   0x200082c0   Data          64  main.o(.data)
    gogo13                                   0x20008300   Data          64  main.o(.data)
    gogo14                                   0x20008340   Data          64  main.o(.data)
    gogo15                                   0x20008380   Data          64  main.o(.data)
    gogo23                                   0x200083c0   Data          64  main.o(.data)
    gogo24                                   0x20008400   Data          64  main.o(.data)
    gogo25                                   0x20008440   Data          64  main.o(.data)
    gogo26                                   0x20008480   Data          64  main.o(.data)
    gogo27                                   0x200084c0   Data          64  main.o(.data)
    gogo28                                   0x20008500   Data          64  main.o(.data)
    gogo29                                   0x20008540   Data          64  main.o(.data)
    gogo30                                   0x20008580   Data          64  main.o(.data)
    gogo31                                   0x200085c0   Data          64  main.o(.data)
    gogo32                                   0x20008600   Data          64  main.o(.data)
    gogo33                                   0x20008640   Data          64  main.o(.data)
    gogo34                                   0x20008680   Data          64  main.o(.data)
    gogo35                                   0x200086c0   Data          64  main.o(.data)
    gogo36                                   0x20008700   Data          64  main.o(.data)
    gogo37                                   0x20008740   Data          64  main.o(.data)
    gogo38                                   0x20008780   Data          64  main.o(.data)
    gogo39                                   0x200087c0   Data          64  main.o(.data)
    gogo40                                   0x20008800   Data          64  main.o(.data)
    gogo41                                   0x20008840   Data          64  main.o(.data)
    gogo42                                   0x20008880   Data          64  main.o(.data)
    gogo43                                   0x200088c0   Data          64  main.o(.data)
    gogo51                                   0x20008900   Data          64  main.o(.data)
    gogo52                                   0x20008940   Data          64  main.o(.data)
    gogo53                                   0x20008980   Data          64  main.o(.data)
    gogo54                                   0x200089c0   Data          64  main.o(.data)
    gogo55                                   0x20008a00   Data          64  main.o(.data)
    gogo56                                   0x20008a40   Data          64  main.o(.data)
    gogo57                                   0x20008a80   Data          64  main.o(.data)
    gogo58                                   0x20008ac0   Data          64  main.o(.data)
    gogo59                                   0x20008b00   Data          64  main.o(.data)
    gogo60                                   0x20008b40   Data          64  main.o(.data)
    gogo61                                   0x20008b80   Data          64  main.o(.data)
    gogo62                                   0x20008bc0   Data          64  main.o(.data)
    gogo63                                   0x20008c00   Data          64  main.o(.data)
    gogo64                                   0x20008c40   Data          64  main.o(.data)
    gogo65                                   0x20008c80   Data          64  main.o(.data)
    gogo66                                   0x20008cc0   Data          64  main.o(.data)
    gogo67                                   0x20008d00   Data          64  main.o(.data)
    gogo68                                   0x20008d40   Data          64  main.o(.data)
    gogo69                                   0x20008d80   Data          64  main.o(.data)
    gogo70                                   0x20008dc0   Data          64  main.o(.data)
    gogo71                                   0x20008e00   Data          64  main.o(.data)
    gogo72                                   0x20008e40   Data          64  main.o(.data)
    gogo73                                   0x20008e80   Data          64  main.o(.data)
    gogo74                                   0x20008ec0   Data          64  main.o(.data)
    gogo75                                   0x20008f00   Data          64  main.o(.data)
    gogo76                                   0x20008f40   Data          64  main.o(.data)
    gogo77                                   0x20008f80   Data          64  main.o(.data)
    gogo91                                   0x20008fc0   Data          64  main.o(.data)
    gogo92                                   0x20009000   Data          64  main.o(.data)
    gogo93                                   0x20009040   Data          64  main.o(.data)
    gogo94                                   0x20009080   Data          64  main.o(.data)
    gogo95                                   0x200090c0   Data          64  main.o(.data)
    gogo96                                   0x20009100   Data          64  main.o(.data)
    gogo97                                   0x20009140   Data          64  main.o(.data)
    gogo98                                   0x20009180   Data          64  main.o(.data)
    gogo99                                   0x200091c0   Data          64  main.o(.data)
    gogo100                                  0x20009200   Data          64  main.o(.data)
    gogo101                                  0x20009240   Data          64  main.o(.data)
    gogo102                                  0x20009280   Data          64  main.o(.data)
    gogo103                                  0x200092c0   Data          64  main.o(.data)
    gogo104                                  0x20009300   Data          64  main.o(.data)
    gogo105                                  0x20009340   Data          64  main.o(.data)
    gogo106                                  0x20009380   Data          64  main.o(.data)
    gogo107                                  0x200093c0   Data          64  main.o(.data)
    gogo108                                  0x20009400   Data          64  main.o(.data)
    gogo109                                  0x20009440   Data          64  main.o(.data)
    gogo110                                  0x20009480   Data          64  main.o(.data)
    gogo111                                  0x200094c0   Data          64  main.o(.data)
    gogo112                                  0x20009500   Data          64  main.o(.data)
    gogo113                                  0x20009540   Data          64  main.o(.data)
    gogo114                                  0x20009580   Data          64  main.o(.data)
    gogo115                                  0x200095c0   Data          64  main.o(.data)
    gogo116                                  0x20009600   Data          64  main.o(.data)
    gogo117                                  0x20009640   Data          64  main.o(.data)
    gogo118                                  0x20009680   Data          64  main.o(.data)
    gogo119                                  0x200096c0   Data          64  main.o(.data)
    gogo120                                  0x20009700   Data          64  main.o(.data)
    gogo121                                  0x20009740   Data          64  main.o(.data)
    gogo122                                  0x20009780   Data          64  main.o(.data)
    gogo123                                  0x200097c0   Data          64  main.o(.data)
    gogo124                                  0x20009800   Data          64  main.o(.data)
    gogo125                                  0x20009840   Data          64  main.o(.data)
    gogo126                                  0x20009880   Data          64  main.o(.data)
    gogo127                                  0x200098c0   Data          64  main.o(.data)
    gogo128                                  0x20009900   Data          64  main.o(.data)
    gogo129                                  0x20009940   Data          64  main.o(.data)
    gogo130                                  0x20009980   Data          64  main.o(.data)
    gogo131                                  0x200099c0   Data          64  main.o(.data)
    gogo132                                  0x20009a00   Data          64  main.o(.data)
    gogo133                                  0x20009a40   Data          64  main.o(.data)
    gogo134                                  0x20009a80   Data          64  main.o(.data)
    gogo135                                  0x20009ac0   Data          64  main.o(.data)
    gogo136                                  0x20009b00   Data          64  main.o(.data)
    gogo137                                  0x20009b40   Data          64  main.o(.data)
    gogo138                                  0x20009b80   Data          64  main.o(.data)
    gogo139                                  0x20009bc0   Data          64  main.o(.data)
    gogo140                                  0x20009c00   Data          64  main.o(.data)
    gogo141                                  0x20009c40   Data          64  main.o(.data)
    gogo142                                  0x20009c80   Data          64  main.o(.data)
    gogo143                                  0x20009cc0   Data          64  main.o(.data)
    gogo144                                  0x20009d00   Data          64  main.o(.data)
    gogo145                                  0x20009d40   Data          64  main.o(.data)
    gogo146                                  0x20009d80   Data          64  main.o(.data)
    gogo147                                  0x20009dc0   Data          64  main.o(.data)
    gogo148                                  0x20009e00   Data          64  main.o(.data)
    gogo149                                  0x20009e40   Data          64  main.o(.data)
    gogo150                                  0x20009e80   Data          64  main.o(.data)
    gogo151                                  0x20009ec0   Data          64  main.o(.data)
    gogo152                                  0x20009f00   Data          64  main.o(.data)
    gogo153                                  0x20009f40   Data          64  main.o(.data)
    gogo154                                  0x20009f80   Data          64  main.o(.data)
    gogo155                                  0x20009fc0   Data          64  main.o(.data)
    gogo156                                  0x2000a000   Data          64  main.o(.data)
    gogo157                                  0x2000a040   Data          64  main.o(.data)
    gogo158                                  0x2000a080   Data          64  main.o(.data)
    gogo159                                  0x2000a0c0   Data          64  main.o(.data)
    gogo160                                  0x2000a100   Data          64  main.o(.data)
    gogo161                                  0x2000a140   Data          64  main.o(.data)
    gogo162                                  0x2000a180   Data          64  main.o(.data)
    gogo163                                  0x2000a1c0   Data          64  main.o(.data)
    gogo164                                  0x2000a200   Data          64  main.o(.data)
    gogo165                                  0x2000a240   Data          64  main.o(.data)
    gogo166                                  0x2000a280   Data          64  main.o(.data)
    gogo167                                  0x2000a2c0   Data          64  main.o(.data)
    gogo168                                  0x2000a300   Data          64  main.o(.data)
    gogo169                                  0x2000a340   Data          64  main.o(.data)
    gogo170                                  0x2000a380   Data          64  main.o(.data)
    gogo171                                  0x2000a3c0   Data          64  main.o(.data)
    gogo172                                  0x2000a400   Data          64  main.o(.data)
    gogo173                                  0x2000a440   Data          64  main.o(.data)
    gogo174                                  0x2000a480   Data          64  main.o(.data)
    gogo175                                  0x2000a4c0   Data          64  main.o(.data)
    gogo176                                  0x2000a500   Data          64  main.o(.data)
    gogo177                                  0x2000a540   Data          64  main.o(.data)
    gogo178                                  0x2000a580   Data          64  main.o(.data)
    gogo179                                  0x2000a5c0   Data          64  main.o(.data)
    gogo180                                  0x2000a600   Data          64  main.o(.data)
    gogo181                                  0x2000a640   Data          64  main.o(.data)
    gogo182                                  0x2000a680   Data          64  main.o(.data)
    gogo183                                  0x2000a6c0   Data          64  main.o(.data)
    gogo184                                  0x2000a700   Data          64  main.o(.data)
    gogo185                                  0x2000a740   Data          64  main.o(.data)
    gogo186                                  0x2000a780   Data          64  main.o(.data)
    gogo187                                  0x2000a7c0   Data          64  main.o(.data)
    gogo188                                  0x2000a800   Data          64  main.o(.data)
    gogo189                                  0x2000a840   Data          64  main.o(.data)
    gogo190                                  0x2000a880   Data          64  main.o(.data)
    gogo191                                  0x2000a8c0   Data          64  main.o(.data)
    gogo192                                  0x2000a900   Data          64  main.o(.data)
    gogo193                                  0x2000a940   Data          64  main.o(.data)
    gogo194                                  0x2000a980   Data          64  main.o(.data)
    gogo195                                  0x2000a9c0   Data          64  main.o(.data)
    gogo196                                  0x2000aa00   Data          64  main.o(.data)
    gogo197                                  0x2000aa40   Data          64  main.o(.data)
    gogo198                                  0x2000aa80   Data          64  main.o(.data)
    gogo199                                  0x2000aac0   Data          64  main.o(.data)
    gogo200                                  0x2000ab00   Data          64  main.o(.data)
    gogo201                                  0x2000ab40   Data          64  main.o(.data)
    gogo202                                  0x2000ab80   Data          64  main.o(.data)
    gogo203                                  0x2000abc0   Data          64  main.o(.data)
    gogo204                                  0x2000ac00   Data          64  main.o(.data)
    gogo205                                  0x2000ac40   Data          64  main.o(.data)
    gogo206                                  0x2000ac80   Data          64  main.o(.data)
    gogo207                                  0x2000acc0   Data          64  main.o(.data)
    gogo208                                  0x2000ad00   Data          64  main.o(.data)
    gogo209                                  0x2000ad40   Data          64  main.o(.data)
    gogo210                                  0x2000ad80   Data          64  main.o(.data)
    gogo211                                  0x2000adc0   Data          64  main.o(.data)
    gogo212                                  0x2000ae00   Data          64  main.o(.data)
    gogo213                                  0x2000ae40   Data          64  main.o(.data)
    gogo214                                  0x2000ae80   Data          64  main.o(.data)
    gogo215                                  0x2000aec0   Data          64  main.o(.data)
    gogo216                                  0x2000af00   Data          64  main.o(.data)
    gogo217                                  0x2000af40   Data          64  main.o(.data)
    gogo218                                  0x2000af80   Data          64  main.o(.data)
    gogo219                                  0x2000afc0   Data          64  main.o(.data)
    GPIO_InitStructure                       0x2000b000   Data           8  main.o(.data)
    dataPin                                  0x2000b008   Data           8  main.o(.data)
    latchPin                                 0x2000b010   Data           8  main.o(.data)
    layerPin                                 0x2000b018   Data           8  main.o(.data)
    SystemCoreClock                          0x2000b020   Data           4  system_stm32f4xx.o(.data)
    AHBPrescTable                            0x2000b024   Data          16  system_stm32f4xx.o(.data)
    __libspace_start                         0x2000b034   Data          96  libspace.o(.bss)
    __temporary_stack_top$libspace           0x2000b094   Data           0  libspace.o(.bss)



==============================================================================

Memory Map of the image

  Image Entry point : 0x08000189

  Load Region LR_IROM1 (Base: 0x08000000, Size: 0x0000e558, Max: 0x00100000, ABSOLUTE, COMPRESSED[0x00004354])

    Execution Region ER_IROM1 (Base: 0x08000000, Size: 0x00003524, Max: 0x00100000, ABSOLUTE)

    Base Addr    Size         Type   Attr      Idx    E Section Name        Object

    0x08000000   0x00000188   Data   RO         1244    RESET               startup_stm32f40_41xxx.o
    0x08000188   0x00000008   Code   RO         1294  * !!!main             c_w.l(__main.o)
    0x08000190   0x00000034   Code   RO         1452    !!!scatter          c_w.l(__scatter.o)
    0x080001c4   0x0000005a   Code   RO         1450    !!dczerorl2         c_w.l(__dczerorl2.o)
    0x0800021e   0x00000002   PAD
    0x08000220   0x0000001c   Code   RO         1454    !!handler_zi        c_w.l(__scatter_zi.o)
    0x0800023c   0x00000002   Code   RO         1321    .ARM.Collect$$libinit$$00000000  c_w.l(libinit.o)
    0x0800023e   0x00000004   Code   RO         1327    .ARM.Collect$$libinit$$00000001  c_w.l(libinit2.o)
    0x08000242   0x00000000   Code   RO         1330    .ARM.Collect$$libinit$$00000004  c_w.l(libinit2.o)
    0x08000242   0x00000000   Code   RO         1333    .ARM.Collect$$libinit$$0000000A  c_w.l(libinit2.o)
    0x08000242   0x00000000   Code   RO         1335    .ARM.Collect$$libinit$$0000000C  c_w.l(libinit2.o)
    0x08000242   0x00000000   Code   RO         1337    .ARM.Collect$$libinit$$0000000E  c_w.l(libinit2.o)
    0x08000242   0x00000000   Code   RO         1340    .ARM.Collect$$libinit$$00000011  c_w.l(libinit2.o)
    0x08000242   0x00000000   Code   RO         1342    .ARM.Collect$$libinit$$00000013  c_w.l(libinit2.o)
    0x08000242   0x00000000   Code   RO         1344    .ARM.Collect$$libinit$$00000015  c_w.l(libinit2.o)
    0x08000242   0x00000000   Code   RO         1346    .ARM.Collect$$libinit$$00000017  c_w.l(libinit2.o)
    0x08000242   0x00000000   Code   RO         1348    .ARM.Collect$$libinit$$00000019  c_w.l(libinit2.o)
    0x08000242   0x00000000   Code   RO         1350    .ARM.Collect$$libinit$$0000001B  c_w.l(libinit2.o)
    0x08000242   0x00000000   Code   RO         1352    .ARM.Collect$$libinit$$0000001D  c_w.l(libinit2.o)
    0x08000242   0x00000000   Code   RO         1354    .ARM.Collect$$libinit$$0000001F  c_w.l(libinit2.o)
    0x08000242   0x00000000   Code   RO         1356    .ARM.Collect$$libinit$$00000021  c_w.l(libinit2.o)
    0x08000242   0x00000000   Code   RO         1358    .ARM.Collect$$libinit$$00000023  c_w.l(libinit2.o)
    0x08000242   0x00000000   Code   RO         1360    .ARM.Collect$$libinit$$00000025  c_w.l(libinit2.o)
    0x08000242   0x00000000   Code   RO         1364    .ARM.Collect$$libinit$$0000002C  c_w.l(libinit2.o)
    0x08000242   0x00000000   Code   RO         1366    .ARM.Collect$$libinit$$0000002E  c_w.l(libinit2.o)
    0x08000242   0x00000000   Code   RO         1368    .ARM.Collect$$libinit$$00000030  c_w.l(libinit2.o)
    0x08000242   0x00000000   Code   RO         1370    .ARM.Collect$$libinit$$00000032  c_w.l(libinit2.o)
    0x08000242   0x00000002   Code   RO         1371    .ARM.Collect$$libinit$$00000033  c_w.l(libinit2.o)
    0x08000244   0x00000002   Code   RO         1391    .ARM.Collect$$libshutdown$$00000000  c_w.l(libshutdown.o)
    0x08000246   0x00000000   Code   RO         1405    .ARM.Collect$$libshutdown$$00000003  c_w.l(libshutdown2.o)
    0x08000246   0x00000000   Code   RO         1408    .ARM.Collect$$libshutdown$$00000006  c_w.l(libshutdown2.o)
    0x08000246   0x00000000   Code   RO         1411    .ARM.Collect$$libshutdown$$00000009  c_w.l(libshutdown2.o)
    0x08000246   0x00000000   Code   RO         1413    .ARM.Collect$$libshutdown$$0000000B  c_w.l(libshutdown2.o)
    0x08000246   0x00000000   Code   RO         1416    .ARM.Collect$$libshutdown$$0000000E  c_w.l(libshutdown2.o)
    0x08000246   0x00000002   Code   RO         1417    .ARM.Collect$$libshutdown$$0000000F  c_w.l(libshutdown2.o)
    0x08000248   0x00000000   Code   RO         1296    .ARM.Collect$$rtentry$$00000000  c_w.l(__rtentry.o)
    0x08000248   0x00000000   Code   RO         1298    .ARM.Collect$$rtentry$$00000002  c_w.l(__rtentry2.o)
    0x08000248   0x00000006   Code   RO         1310    .ARM.Collect$$rtentry$$00000004  c_w.l(__rtentry4.o)
    0x0800024e   0x00000000   Code   RO         1300    .ARM.Collect$$rtentry$$00000009  c_w.l(__rtentry2.o)
    0x0800024e   0x00000004   Code   RO         1301    .ARM.Collect$$rtentry$$0000000A  c_w.l(__rtentry2.o)
    0x08000252   0x00000000   Code   RO         1303    .ARM.Collect$$rtentry$$0000000C  c_w.l(__rtentry2.o)
    0x08000252   0x00000008   Code   RO         1304    .ARM.Collect$$rtentry$$0000000D  c_w.l(__rtentry2.o)
    0x0800025a   0x00000002   Code   RO         1325    .ARM.Collect$$rtexit$$00000000  c_w.l(rtexit.o)
    0x0800025c   0x00000000   Code   RO         1373    .ARM.Collect$$rtexit$$00000002  c_w.l(rtexit2.o)
    0x0800025c   0x00000004   Code   RO         1374    .ARM.Collect$$rtexit$$00000003  c_w.l(rtexit2.o)
    0x08000260   0x00000006   Code   RO         1375    .ARM.Collect$$rtexit$$00000004  c_w.l(rtexit2.o)
    0x08000266   0x00000002   PAD
    0x08000268   0x00000040   Code   RO         1245    .text               startup_stm32f40_41xxx.o
    0x080002a8   0x00000006   Code   RO         1292    .text               c_w.l(heapauxi.o)
    0x080002ae   0x0000004a   Code   RO         1312    .text               c_w.l(sys_stackheap_outer.o)
    0x080002f8   0x0000000c   Code   RO         1314    .text               c_w.l(exit.o)
    0x08000304   0x00000008   Code   RO         1322    .text               c_w.l(libspace.o)
    0x0800030c   0x0000000c   Code   RO         1383    .text               c_w.l(sys_exit.o)
    0x08000318   0x00000002   Code   RO         1394    .text               c_w.l(use_no_semi.o)
    0x0800031a   0x00000000   Code   RO         1396    .text               c_w.l(indicate_semi.o)
    0x0800031a   0x00000090   Code   RO          246    i.GPIO_Init         stm32f4xx_gpio.o
    0x080003aa   0x00000004   Code   RO          253    i.GPIO_ResetBits    stm32f4xx_gpio.o
    0x080003ae   0x00000004   Code   RO          254    i.GPIO_SetBits      stm32f4xx_gpio.o
    0x080003b2   0x00000002   PAD
    0x080003b4   0x00000020   Code   RO          347    i.RCC_AHB1PeriphClockCmd  stm32f4xx_rcc.o
    0x080003d4   0x00000020   Code   RO          356    i.RCC_APB1PeriphClockCmd  stm32f4xx_rcc.o
    0x080003f4   0x000000ec   Code   RO         1252    i.SetSysClock       system_stm32f4xx.o
    0x080004e0   0x00000068   Code   RO         1254    i.SystemInit        system_stm32f4xx.o
    0x08000548   0x00000084   Code   RO          767    i.TIM_TimeBaseInit  stm32f4xx_tim.o
    0x080005cc   0x00000d20   Code   RO            4    i.circle            main.o
    0x080012ec   0x00000ca0   Code   RO            5    i.circle_a          main.o
    0x08001f8c   0x0000002c   Code   RO            6    i.delay_init        main.o
    0x08001fb8   0x000000a8   Code   RO            7    i.delay_ms          main.o
    0x08002060   0x00000030   Code   RO            9    i.demo1             main.o
    0x08002090   0x00000052   Code   RO           11    i.display           main.o
    0x080020e2   0x00000002   PAD
    0x080020e4   0x00000720   Code   RO           12    i.gogo              main.o
    0x08002804   0x000000b8   Code   RO           13    i.heart             main.o
    0x080028bc   0x0000009c   Code   RO           14    i.init              main.o
    0x08002958   0x00000010   Code   RO           15    i.main              main.o
    0x08002968   0x0000002c   Code   RO           16    i.setData           main.o
    0x08002994   0x00000030   Code   RO           17    i.setLatch          main.o
    0x080029c4   0x00000018   Code   RO           18    i.setLatchNum       main.o
    0x080029dc   0x0000002c   Code   RO           19    i.setLayer          main.o
    0x08002a08   0x00000018   Code   RO           20    i.setLayerNum       main.o
    0x08002a20   0x0000008c   Code   RO           21    i.setPin            main.o
    0x08002aac   0x00000a4c   Code   RO           22    i.word              main.o
    0x080034f8   0x0000000a   Code   RO         1381    x$fpl$fpinit        fz_wm.l(fpinit.o)
    0x08003502   0x00000002   PAD
    0x08003504   0x00000020   Data   RO         1448    Region$$Table       anon$$obj.o


    Execution Region RW_IRAM1 (Base: 0x20000000, Size: 0x0000b698, Max: 0x00020000, ABSOLUTE, COMPRESSED[0x00000e30])

    Base Addr    Size         Type   Attr      Idx    E Section Name        Object

    0x20000000   0x0000b020   Data   RW           24    .data               main.o
    0x2000b020   0x00000014   Data   RW         1255    .data               system_stm32f4xx.o
    0x2000b034   0x00000060   Zero   RW         1323    .bss                c_w.l(libspace.o)
    0x2000b094   0x00000004   PAD
    0x2000b098   0x00000200   Zero   RW         1243    HEAP                startup_stm32f40_41xxx.o
    0x2000b298   0x00000400   Zero   RW         1242    STACK               startup_stm32f40_41xxx.o


==============================================================================

Image component sizes


      Code (inc. data)   RO Data    RW Data    ZI Data      Debug   Object Name

     12074       3536          0      45088          0     327902   main.o
        64         26        392          0       1536        860   startup_stm32f40_41xxx.o
       152          0          0          0          0       2664   stm32f4xx_gpio.o
        64         12          0          0          0       1386   stm32f4xx_rcc.o
       132         28          0          0          0       1539   stm32f4xx_tim.o
       340         32          0         20          0       1969   system_stm32f4xx.o

    ----------------------------------------------------------------------
     12830       3634        424      45108       1536     336320   Object Totals
         0          0         32          0          0          0   (incl. Generated)
         4          0          0          0          0          0   (incl. Padding)

    ----------------------------------------------------------------------

      Code (inc. data)   RO Data    RW Data    ZI Data      Debug   Library Member Name

        90          0          0          0          0          0   __dczerorl2.o
         8          0          0          0          0         68   __main.o
         0          0          0          0          0          0   __rtentry.o
        12          0          0          0          0          0   __rtentry2.o
         6          0          0          0          0          0   __rtentry4.o
        52          8          0          0          0          0   __scatter.o
        28          0          0          0          0          0   __scatter_zi.o
        12          0          0          0          0         72   exit.o
         6          0          0          0          0        152   heapauxi.o
         0          0          0          0          0          0   indicate_semi.o
         2          0          0          0          0          0   libinit.o
         6          0          0          0          0          0   libinit2.o
         2          0          0          0          0          0   libshutdown.o
         2          0          0          0          0          0   libshutdown2.o
         8          4          0          0         96         68   libspace.o
         2          0          0          0          0          0   rtexit.o
        10          0          0          0          0          0   rtexit2.o
        12          4          0          0          0         68   sys_exit.o
        74          0          0          0          0         80   sys_stackheap_outer.o
         2          0          0          0          0         68   use_no_semi.o
        10          0          0          0          0        116   fpinit.o

    ----------------------------------------------------------------------
       350         16          0          0        100        692   Library Totals
         6          0          0          0          4          0   (incl. Padding)

    ----------------------------------------------------------------------

      Code (inc. data)   RO Data    RW Data    ZI Data      Debug   Library Name

       334         16          0          0         96        576   c_w.l
        10          0          0          0          0        116   fz_wm.l

    ----------------------------------------------------------------------
       350         16          0          0        100        692   Library Totals

    ----------------------------------------------------------------------

==============================================================================


      Code (inc. data)   RO Data    RW Data    ZI Data      Debug   

     13180       3650        424      45108       1636     334656   Grand Totals
     13180       3650        424       3632       1636     334656   ELF Image Totals (compressed)
     13180       3650        424       3632          0          0   ROM Totals

==============================================================================

    Total RO  Size (Code + RO Data)                13604 (  13.29kB)
    Total RW  Size (RW Data + ZI Data)             46744 (  45.65kB)
    Total ROM Size (Code + RO Data + RW Data)      17236 (  16.83kB)

==============================================================================

